2025-11-12 15:18:18,242 INFO sqlalchemy.engine.Engine BEGIN (implicit)
2025-11-12 15:18:18,243 INFO sqlalchemy.engine.Engine PRAGMA main.table_info("doctor")
2025-11-12 15:18:18,243 INFO sqlalchemy.engine.Engine [raw sql] ()
2025-11-12 15:18:18,244 INFO sqlalchemy.engine.Engine PRAGMA main.table_info("patient")
2025-11-12 15:18:18,244 INFO sqlalchemy.engine.Engine [raw sql] ()
2025-11-12 15:18:18,244 INFO sqlalchemy.engine.Engine PRAGMA main.table_info("appointment")
2025-11-12 15:18:18,244 INFO sqlalchemy.engine.Engine [raw sql] ()
2025-11-12 15:18:18,244 INFO sqlalchemy.engine.Engine PRAGMA main.table_info("admin")
2025-11-12 15:18:18,244 INFO sqlalchemy.engine.Engine [raw sql] ()
2025-11-12 15:18:18,245 INFO sqlalchemy.engine.Engine COMMIT
2025-11-12 15:18:19,920 INFO sqlalchemy.engine.Engine BEGIN (implicit)
2025-11-12 15:18:19,921 INFO sqlalchemy.engine.Engine PRAGMA main.table_info("doctor")
2025-11-12 15:18:19,921 INFO sqlalchemy.engine.Engine [raw sql] ()
2025-11-12 15:18:19,922 INFO sqlalchemy.engine.Engine PRAGMA main.table_info("patient")
2025-11-12 15:18:19,922 INFO sqlalchemy.engine.Engine [raw sql] ()
2025-11-12 15:18:19,923 INFO sqlalchemy.engine.Engine PRAGMA main.table_info("appointment")
2025-11-12 15:18:19,923 INFO sqlalchemy.engine.Engine [raw sql] ()
2025-11-12 15:18:19,923 INFO sqlalchemy.engine.Engine PRAGMA main.table_info("admin")
2025-11-12 15:18:19,923 INFO sqlalchemy.engine.Engine [raw sql] ()
2025-11-12 15:18:19,924 INFO sqlalchemy.engine.Engine COMMIT
2025-11-12 15:18:29,228 INFO sqlalchemy.engine.Engine BEGIN (implicit)
2025-11-12 15:18:29,229 INFO sqlalchemy.engine.Engine PRAGMA main.table_info("doctor")
2025-11-12 15:18:29,229 INFO sqlalchemy.engine.Engine [raw sql] ()
2025-11-12 15:18:29,231 INFO sqlalchemy.engine.Engine PRAGMA main.table_info("patient")
2025-11-12 15:18:29,231 INFO sqlalchemy.engine.Engine [raw sql] ()
2025-11-12 15:18:29,232 INFO sqlalchemy.engine.Engine PRAGMA main.table_info("appointment")
2025-11-12 15:18:29,232 INFO sqlalchemy.engine.Engine [raw sql] ()
2025-11-12 15:18:29,232 INFO sqlalchemy.engine.Engine PRAGMA main.table_info("admin")
2025-11-12 15:18:29,232 INFO sqlalchemy.engine.Engine [raw sql] ()
2025-11-12 15:18:29,232 INFO sqlalchemy.engine.Engine COMMIT
